// Jest Snapshot v1, https://goo.gl/fbAQLP

exports[`ToolTip renders 1`] = `[Function]`;
